// Jest Snapshot v1, https://goo.gl/fbAQLP

exports[`runtime should work with keyframes 1`] = `"qrjiv5"`;

exports[`runtime should work with keyframes 2`] = `"@-webkit-keyframes qrjiv5{0%,25%{opacity:0;}100%{opacity:1;}}@keyframes qrjiv5{0%,25%{opacity:0;}100%{opacity:1;}}"`;
